============================================================================
CSV DATA INTEGRITY CHECK
============================================================================
Source File: ./source.csv
Target File: ./target.csv
Report Generated: 2026-07-14 18:43:45
============================================================================

Source Columns: id
name
value
Target Columns: id
name
value

ROW COUNT SUMMARY
-----------------
Source Data Rows:      3
Target Data Rows:      3

DATA MATCH SUMMARY
------------------
Rows in Source Only:   0
Rows in Target Only:   0
Matching Rows:         3
Mismatched Rows:       0

============================================================================
DETAILED MISMATCH REPORT
============================================================================

Rows Only in SOURCE (up to 100):
----------------------------------------

Rows Only in TARGET (up to 100):
----------------------------------------

============================================================================
COLUMN-BY-COLUMN MISMATCH DETAILS
============================================================================
Note: This section shows up to 100 mismatched row comparisons

SOURCE_ROW | id_SRC | id_TGT
----------------------------
1 | 1 | 1 | MATCH
2 | 2 | 2 | MATCH
3 | 3 | 3 | MATCH

============================================================================
END OF CSV DATA INTEGRITY CHECK REPORT
============================================================================

============================================================================
SUMMARY
============================================================================
[0;32mRESULT: All data matches![0m
Source and target files are identical.
============================================================================
