======================================================================
EXCEL DATA INTEGRITY CHECK
======================================================================
Source File: test_excel/source.xlsx
Target File: test_excel/target.xlsx
Report Generated: 2026-07-14 18:43:45
======================================================================

Comparing sheet: Sheet1
----------------------------------------
======================================================================
EXCEL DATA INTEGRITY CHECK - Sheet: Sheet1
======================================================================

ROW COUNT SUMMARY
-----------------
Source Rows:       20
Target Rows:       20

DATA MATCH SUMMARY
------------------
Matching Rows:     9
Mismatched Rows:   11
Rows in Source:    0
Rows in Target:    0

======================================================================
COLUMN-BY-COLUMN MISMATCH SUMMARY
======================================================================
id: 9 mismatched cell(s)
name: 9 mismatched cell(s)
email: 10 mismatched cell(s)
department: 9 mismatched cell(s)
salary: 10 mismatched cell(s)

======================================================================
END OF REPORT
======================================================================

======================================================================
COMPARISON COMPLETE
======================================================================
